Traceback (most recent call last):
  File "/ictstr01/groups/ml01/workspace/lorenzo.consoli/projects/SFC_cambridge/collab-goettgens-SFC/preprocess_data/./run_preprocessing.py", line 39, in <module>
    rsc.pp.neighbors(adata, use_rep=pca_key, key_added=neighbors_key)
  File "/home/icb/lorenzo.consoli/miniconda3/envs/rapids_singlecell/lib/python3.12/site-packages/rapids_singlecell/preprocessing/_neighbors.py", line 481, in neighbors
    knn_indices, knn_dist = KNN_ALGORITHMS[algorithm](
                            ^^^^^^^^^^^^^^^^^^^^^^^^^^
  File "/home/icb/lorenzo.consoli/miniconda3/envs/rapids_singlecell/lib/python3.12/site-packages/rapids_singlecell/preprocessing/_neighbors.py", line 89, in _brute_knn
    distances, neighbors = nn.kneighbors(Y)
                           ^^^^^^^^^^^^^^^^
  File "/home/icb/lorenzo.consoli/miniconda3/envs/rapids_singlecell/lib/python3.12/site-packages/cuml/internals/api_decorators.py", line 193, in wrapper
    ret = func(*args, **kwargs)
          ^^^^^^^^^^^^^^^^^^^^^
  File "/home/icb/lorenzo.consoli/miniconda3/envs/rapids_singlecell/lib/python3.12/site-packages/cuml/internals/api_decorators.py", line 416, in dispatch
    return self.dispatch_func(func_name, gpu_func, *args, **kwargs)
           ^^^^^^^^^^^^^^^^^^^^^^^^^^^^^^^^^^^^^^^^^^^^^^^^^^^^^^^^
  File "/home/icb/lorenzo.consoli/miniconda3/envs/rapids_singlecell/lib/python3.12/site-packages/cuml/internals/api_decorators.py", line 195, in wrapper
    return func(*args, **kwargs)
           ^^^^^^^^^^^^^^^^^^^^^
  File "base.pyx", line 764, in cuml.internals.base.UniversalBase.dispatch_func
  File "nearest_neighbors.pyx", line 546, in cuml.neighbors.nearest_neighbors.NearestNeighbors.kneighbors
  File "nearest_neighbors.pyx", line 633, in cuml.neighbors.nearest_neighbors.NearestNeighbors._kneighbors_internal
  File "nearest_neighbors.pyx", line 721, in cuml.neighbors.nearest_neighbors.NearestNeighbors._kneighbors_dense
  File "/home/icb/lorenzo.consoli/miniconda3/envs/rapids_singlecell/lib/python3.12/site-packages/cuml/internals/memory_utils.py", line 87, in cupy_rmm_wrapper
    return func(*args, **kwargs)
           ^^^^^^^^^^^^^^^^^^^^^
  File "/home/icb/lorenzo.consoli/miniconda3/envs/rapids_singlecell/lib/python3.12/site-packages/nvtx/nvtx.py", line 122, in inner
    result = func(*args, **kwargs)
             ^^^^^^^^^^^^^^^^^^^^^
  File "/home/icb/lorenzo.consoli/miniconda3/envs/rapids_singlecell/lib/python3.12/site-packages/cuml/internals/array.py", line 894, in zeros
    return CumlArray.full(
           ^^^^^^^^^^^^^^^
  File "/home/icb/lorenzo.consoli/miniconda3/envs/rapids_singlecell/lib/python3.12/site-packages/cuml/internals/memory_utils.py", line 87, in cupy_rmm_wrapper
    return func(*args, **kwargs)
           ^^^^^^^^^^^^^^^^^^^^^
  File "/home/icb/lorenzo.consoli/miniconda3/envs/rapids_singlecell/lib/python3.12/site-packages/nvtx/nvtx.py", line 122, in inner
    result = func(*args, **kwargs)
             ^^^^^^^^^^^^^^^^^^^^^
  File "/home/icb/lorenzo.consoli/miniconda3/envs/rapids_singlecell/lib/python3.12/site-packages/cuml/internals/array.py", line 870, in full
    mem_type.xpy.full(shape, value, dtype, order), index=index
    ^^^^^^^^^^^^^^^^^^^^^^^^^^^^^^^^^^^^^^^^^^^^^
  File "/home/icb/lorenzo.consoli/miniconda3/envs/rapids_singlecell/lib/python3.12/site-packages/cupy/_creation/basic.py", line 326, in full
    a = cupy.ndarray(shape, dtype, order=order)
        ^^^^^^^^^^^^^^^^^^^^^^^^^^^^^^^^^^^^^^^
  File "cupy/_core/core.pyx", line 151, in cupy._core.core.ndarray.__new__
  File "cupy/_core/core.pyx", line 239, in cupy._core.core._ndarray_base._init
  File "cupy/cuda/memory.pyx", line 738, in cupy.cuda.memory.alloc
  File "/home/icb/lorenzo.consoli/miniconda3/envs/rapids_singlecell/lib/python3.12/site-packages/rmm/allocators/cupy.py", line 37, in rmm_cupy_allocator
    buf = pylibrmm.device_buffer.DeviceBuffer(size=nbytes, stream=stream)
          ^^^^^^^^^^^^^^^^^^^^^^^^^^^^^^^^^^^^^^^^^^^^^^^^^^^^^^^^^^^^^^^
  File "device_buffer.pyx", line 102, in rmm.pylibrmm.device_buffer.DeviceBuffer.__cinit__
MemoryError: std::bad_alloc: out_of_memory: CUDA error at: /home/icb/lorenzo.consoli/miniconda3/envs/rapids_singlecell/include/rmm/mr/device/cuda_memory_resource.hpp

ERROR conda.cli.main_run:execute(125): `conda run python ./run_preprocessing.py` failed. (See above for error)
